Testing with: bintanggardhian2@gmail.com
Connecting to smtp.gmail.com:587...
Logging in...
ERROR: (535, b'5.7.8 Username and Password not accepted. For more information, go to\n5.7.8  https://support.google.com/mail/?p=BadCredentials d9443c01a7336-2c16609e234sm115948805ad.53 - gsmtp')

Catatan: Jika menggunakan Gmail, pastikan Anda menggunakan 'App Password', bukan password email biasa.
